2026-09-30T17:10:14+09:00 START V-00
2026-09-30T17:33:17+09:00 PASS V-00 n=114 {'STANDS': 111, 'NARROWED': 3} missing=0 extra=0 dup=0 badverdict=0
2026-09-30T17:33:17+09:00 START V-01
2026-09-30T17:53:35+09:00 PASS V-01 n=114 {'STANDS': 114} missing=0 extra=0 dup=0 badverdict=0
2026-09-30T17:53:35+09:00 START V-02
2026-09-30T18:17:22+09:00 PASS V-02 n=114 {'STANDS': 114} missing=0 extra=0 dup=0 badverdict=0
2026-09-30T18:17:22+09:00 START V-03
2026-09-30T18:40:45+09:00 PASS V-03 n=114 {'STANDS': 114} missing=0 extra=0 dup=0 badverdict=0
2026-09-30T18:40:45+09:00 START V-04
2026-09-30T18:58:57+09:00 PASS V-04 n=114 {'STANDS': 105, 'NARROWED': 9} missing=0 extra=0 dup=0 badverdict=0
2026-09-30T18:58:57+09:00 START V-05
2026-09-30T19:21:32+09:00 PASS V-05 n=114 {'STANDS': 108, 'NARROWED': 6} missing=0 extra=0 dup=0 badverdict=0
2026-09-30T19:21:32+09:00 START V-06
2026-09-30T19:37:31+09:00 PASS V-06 n=114 {'STANDS': 114} missing=0 extra=0 dup=0 badverdict=0
2026-09-30T19:37:31+09:00 START V-07
2026-09-30T20:01:20+09:00 PASS V-07 n=114 {'NARROWED': 12, 'STANDS': 102} missing=0 extra=0 dup=0 badverdict=0
2026-09-30T20:01:20+09:00 START V-08
2026-09-30T20:24:24+09:00 PASS V-08 n=114 {'STANDS': 114} missing=0 extra=0 dup=0 badverdict=0
2026-09-30T20:24:24+09:00 START V-09
2026-09-30T20:45:47+09:00 PASS V-09 n=114 {'STANDS': 98, 'NARROWED': 16} missing=0 extra=0 dup=0 badverdict=0
2026-09-30T20:45:47+09:00 START V-10
2026-09-30T21:05:18+09:00 PASS V-10 n=114 {'STANDS': 113, 'NARROWED': 1} missing=0 extra=0 dup=0 badverdict=0
2026-09-30T21:05:18+09:00 START V-11
2026-09-30T21:25:30+09:00 PASS V-11 n=114 {'STANDS': 105, 'NARROWED': 9} missing=0 extra=0 dup=0 badverdict=0
2026-09-30T21:25:30+09:00 START V-12
2026-09-30T21:54:36+09:00 PASS V-12 n=114 {'STANDS': 69, 'NARROWED': 45} missing=0 extra=0 dup=0 badverdict=0
2026-09-30T21:54:36+09:00 START V-13
2026-09-30T22:15:45+09:00 PASS V-13 n=114 {'STANDS': 114} missing=0 extra=0 dup=0 badverdict=0
2026-09-30T22:15:45+09:00 START V-14
2026-09-30T22:37:48+09:00 PASS V-14 n=114 {'STANDS': 111, 'REFUTED': 3} missing=0 extra=0 dup=0 badverdict=0
2026-09-30T22:37:48+09:00 START V-15
2026-09-30T22:52:59+09:00 PASS V-15 n=114 {'STANDS': 114} missing=0 extra=0 dup=0 badverdict=0
2026-09-30T22:52:59+09:00 START V-16
2026-09-30T23:16:47+09:00 PASS V-16 n=114 {'STANDS': 90, 'NARROWED': 24} missing=0 extra=0 dup=0 badverdict=0
2026-09-30T23:16:47+09:00 START V-17
2026-09-30T23:40:30+09:00 PASS V-17 n=104 {'STANDS': 99, 'NARROWED': 5} missing=0 extra=0 dup=0 badverdict=0
2026-09-30T23:40:30+09:00 ALLDONE
