2026-10-01T20:48:14+09:00 START W-00
2026-10-01T20:54:46+09:00 PASS W-00 n=29 {'NARROWED': 1, 'STANDS': 28} missing=0 extra=0 dup=0 badverdict=0
2026-10-01T20:54:46+09:00 START W-01
2026-10-01T21:01:46+09:00 PASS W-01 n=29 {'STANDS': 24, 'NARROWED': 5} missing=0 extra=0 dup=0 badverdict=0
2026-10-01T21:01:46+09:00 START W-02
2026-10-01T21:07:52+09:00 PASS W-02 n=29 {'STANDS': 29} missing=0 extra=0 dup=0 badverdict=0
2026-10-01T21:07:52+09:00 START W-03
2026-10-01T21:14:21+09:00 PASS W-03 n=29 {'STANDS': 25, 'NARROWED': 4} missing=0 extra=0 dup=0 badverdict=0
2026-10-01T21:14:21+09:00 START W-04
2026-10-01T21:20:25+09:00 PASS W-04 n=29 {'STANDS': 28, 'NARROWED': 1} missing=0 extra=0 dup=0 badverdict=0
2026-10-01T21:20:25+09:00 START W-05
2026-10-01T21:27:49+09:00 PASS W-05 n=29 {'STANDS': 22, 'NARROWED': 5, 'REFUTED': 2} missing=0 extra=0 dup=0 badverdict=0
2026-10-01T21:27:49+09:00 START W-06
2026-10-01T21:37:23+09:00 PASS W-06 n=29 {'STANDS': 19, 'NARROWED': 8, 'REFUTED': 2} missing=0 extra=0 dup=0 badverdict=0
2026-10-01T21:37:23+09:00 START W-07
2026-10-01T21:42:53+09:00 PASS W-07 n=29 {'STANDS': 29} missing=0 extra=0 dup=0 badverdict=0
2026-10-01T21:42:53+09:00 START W-08
2026-10-01T21:49:06+09:00 PASS W-08 n=29 {'STANDS': 27, 'NARROWED': 2} missing=0 extra=0 dup=0 badverdict=0
2026-10-01T21:49:06+09:00 START W-09
2026-10-01T21:55:05+09:00 PASS W-09 n=29 {'NARROWED': 12, 'STANDS': 17} missing=0 extra=0 dup=0 badverdict=0
2026-10-01T21:55:05+09:00 START W-10
2026-10-01T22:00:55+09:00 PASS W-10 n=29 {'STANDS': 28, 'NARROWED': 1} missing=0 extra=0 dup=0 badverdict=0
2026-10-01T22:00:55+09:00 START W-11
2026-10-01T22:08:41+09:00 PASS W-11 n=29 {'STANDS': 24, 'NARROWED': 4, 'REFUTED': 1} missing=0 extra=0 dup=0 badverdict=0
2026-10-01T22:08:41+09:00 START W-12
2026-10-01T22:12:34+09:00 PASS W-12 n=29 {'STANDS': 27, 'NARROWED': 2} missing=0 extra=0 dup=0 badverdict=0
2026-10-01T22:12:34+09:00 START W-13
2026-10-01T22:19:42+09:00 PASS W-13 n=29 {'STANDS': 25, 'NARROWED': 4} missing=0 extra=0 dup=0 badverdict=0
2026-10-01T22:19:42+09:00 START W-14
2026-10-01T22:26:50+09:00 PASS W-14 n=25 {'STANDS': 21, 'REFUTED': 2, 'NARROWED': 2} missing=0 extra=0 dup=0 badverdict=0
2026-10-01T22:26:50+09:00 ALLDONE
