2026-10-01T15:32:10+09:00 START V-00
2026-10-01T15:41:38+09:00 PASS V-00 n=29 {'NARROWED': 11, 'STANDS': 17, 'REFUTED': 1} missing=0 extra=0 dup=0 badverdict=0
2026-10-01T15:41:38+09:00 START V-01
2026-10-01T15:49:25+09:00 PASS V-01 n=29 {'NARROWED': 13, 'STANDS': 16} missing=0 extra=0 dup=0 badverdict=0
2026-10-01T15:49:25+09:00 START V-02
2026-10-01T15:56:28+09:00 PASS V-02 n=29 {'NARROWED': 10, 'STANDS': 19} missing=0 extra=0 dup=0 badverdict=0
2026-10-01T15:56:28+09:00 START V-03
2026-10-01T16:03:53+09:00 PASS V-03 n=29 {'STANDS': 16, 'NARROWED': 13} missing=0 extra=0 dup=0 badverdict=0
2026-10-01T16:03:53+09:00 START V-04
2026-10-01T16:10:42+09:00 PASS V-04 n=29 {'STANDS': 20, 'NARROWED': 7, 'REFUTED': 2} missing=0 extra=0 dup=0 badverdict=0
2026-10-01T16:10:42+09:00 START V-05
2026-10-01T16:17:49+09:00 PASS V-05 n=29 {'STANDS': 16, 'REFUTED': 10, 'NARROWED': 3} missing=0 extra=0 dup=0 badverdict=0
2026-10-01T16:17:49+09:00 START V-06
2026-10-01T16:26:32+09:00 PASS V-06 n=29 {'NARROWED': 18, 'REFUTED': 1, 'STANDS': 10} missing=0 extra=0 dup=0 badverdict=0
2026-10-01T16:26:32+09:00 START V-07
2026-10-01T16:33:24+09:00 PASS V-07 n=29 {'NARROWED': 22, 'STANDS': 7} missing=0 extra=0 dup=0 badverdict=0
2026-10-01T16:33:24+09:00 START V-08
2026-10-01T16:39:35+09:00 PASS V-08 n=29 {'NARROWED': 19, 'STANDS': 9, 'REFUTED': 1} missing=0 extra=0 dup=0 badverdict=0
2026-10-01T16:39:35+09:00 START V-09
2026-10-01T16:46:41+09:00 PASS V-09 n=29 {'NARROWED': 16, 'STANDS': 13} missing=0 extra=0 dup=0 badverdict=0
2026-10-01T16:46:41+09:00 START V-10
2026-10-01T16:54:33+09:00 FAIL V-10 n=29 {'NARROWED': 16, 'REFUTED': 5, 'STANDS': 7, 'NARED': 1} missing=0 extra=0 dup=0 badverdict=1
2026-10-01T16:54:59+09:00 NOTE V-10 verdict typo NARED->NARROWED (1 record), original kept as V-10.verify.orig.txt
2026-10-01T16:54:59+09:00 PASS V-10 (after typo fix)
2026-10-01T16:54:59+09:00 SKIP V-00
2026-10-01T16:54:59+09:00 SKIP V-01
2026-10-01T16:54:59+09:00 SKIP V-02
2026-10-01T16:54:59+09:00 SKIP V-03
2026-10-01T16:54:59+09:00 SKIP V-04
2026-10-01T16:54:59+09:00 SKIP V-05
2026-10-01T16:54:59+09:00 SKIP V-06
2026-10-01T16:54:59+09:00 SKIP V-07
2026-10-01T16:54:59+09:00 SKIP V-08
2026-10-01T16:54:59+09:00 SKIP V-09
2026-10-01T16:54:59+09:00 SKIP V-10
2026-10-01T16:54:59+09:00 START V-11
2026-10-01T17:04:17+09:00 PASS V-11 n=29 {'REFUTED': 8, 'NARROWED': 21} missing=0 extra=0 dup=0 badverdict=0
2026-10-01T17:04:17+09:00 START V-12
2026-10-01T17:11:44+09:00 PASS V-12 n=29 {'REFUTED': 2, 'NARROWED': 15, 'STANDS': 12} missing=0 extra=0 dup=0 badverdict=0
2026-10-01T17:11:44+09:00 START V-13
2026-10-01T17:19:26+09:00 PASS V-13 n=28 {'STANDS': 12, 'NARROWED': 16} missing=0 extra=0 dup=0 badverdict=0
2026-10-01T17:19:26+09:00 ALLDONE
