2026-10-01T17:21:26+09:00 START pilot
2026-10-01T17:37:26+09:00 PASS pilot records=30 unique=30 errors=0
2026-10-01T17:37:26+09:00 START R2-00
2026-10-01T17:52:59+09:00 PASS R2-00 records=35 unique=35 errors=0
2026-10-01T17:52:59+09:00 START R2-01
2026-10-01T18:10:18+09:00 PASS R2-01 records=35 unique=35 errors=0
2026-10-01T18:10:18+09:00 START R2-02
2026-10-01T18:25:09+09:00 PASS R2-02 records=35 unique=35 errors=0
2026-10-01T18:25:09+09:00 START R2-03
2026-10-01T18:40:20+09:00 PASS R2-03 records=35 unique=35 errors=0
2026-10-01T18:40:20+09:00 START R2-04
2026-10-01T18:59:23+09:00 PASS R2-04 records=35 unique=35 errors=0
2026-10-01T18:59:23+09:00 START R2-05
2026-10-01T19:12:07+09:00 PASS R2-05 records=35 unique=35 errors=0
2026-10-01T19:12:07+09:00 START R2-06
2026-10-01T19:23:58+09:00 PASS R2-06 records=35 unique=35 errors=0
2026-10-01T19:23:58+09:00 START R2-07
2026-10-01T19:41:01+09:00 PASS R2-07 records=35 unique=35 errors=0
2026-10-01T19:41:01+09:00 START R2-08
2026-10-01T19:54:36+09:00 PASS R2-08 records=35 unique=35 errors=0
2026-10-01T19:54:36+09:00 START R2-09
2026-10-01T20:15:02+09:00 PASS R2-09 records=35 unique=35 errors=0
2026-10-01T20:15:02+09:00 START R2-10
2026-10-01T20:36:21+09:00 PASS R2-10 records=35 unique=35 errors=0
2026-10-01T20:36:22+09:00 START R2-11
2026-10-01T20:47:00+09:00 PASS R2-11 records=28 unique=28 errors=0
2026-10-01T20:47:00+09:00 ALLDONE
