[12:16:37] === Phase 2 시작 ===
[12:16:37] BEGIN [adcirc-testsuite] /mnt/e/modeling-wiki/raw/code/adcirc/adcirc-testsuite → /home/firesinger/coastal-wiki/models/ADCIRC/raw/source_code/adcirc-testsuite
[12:17:39]   files: src=1373 dst=1373
[12:17:39] END [adcirc-testsuite]
[12:17:39] BEGIN [adcirc-source] /mnt/e/models/adcirc/source_code → /home/firesinger/coastal-wiki/models/ADCIRC/raw/source_code
[12:17:54]   files: src=7607 dst=8114
[12:17:54]   WARN: count mismatch — Phase 3 에서 sha256 diff 로 추적
[12:17:54] END [adcirc-source]
[12:17:54] BEGIN [delft3d-source] /mnt/e/models/delft3d/source_code → /home/firesinger/coastal-wiki/models/Delft3D/raw/source_code
[12:19:40]   files: src=31205 dst=31205
[12:19:40] END [delft3d-source]
[12:19:40] BEGIN [efdc-source] /mnt/e/models/efdc/source_code → /home/firesinger/coastal-wiki/models/EFDC/raw/source_code
[12:19:42]   files: src=752 dst=752
[12:19:42] END [efdc-source]
[12:19:42] BEGIN [roms-source] /mnt/e/models/roms/source_code → /home/firesinger/coastal-wiki/models/ROMS/raw/source_code
[12:20:01]   files: src=9152 dst=9152
[12:20:01] END [roms-source]
[12:20:01] BEGIN [swan-source] /mnt/e/models/swan/source_code → /home/firesinger/coastal-wiki/models/SWAN/raw/source_code
[12:20:01]   files: src=130 dst=130
[12:20:01] END [swan-source]
[12:20:01] BEGIN [xbeach-source] /mnt/e/models/xbeach/source_code → /home/firesinger/coastal-wiki/models/XBeach/raw/source_code
[12:20:03]   files: src=456 dst=456
[12:20:03] END [xbeach-source]
[12:20:03] BEGIN [adcirc-manuals] /mnt/e/models/adcirc/manuals → /home/firesinger/coastal-wiki/models/ADCIRC/raw/manuals
[12:20:13]   files: src=3236 dst=3236
[12:20:13] END [adcirc-manuals]
[12:20:13] BEGIN [delft3d-manuals] /mnt/e/models/delft3d/manuals → /home/firesinger/coastal-wiki/models/Delft3D/raw/manuals
[12:20:13]   files: src=38 dst=38
[12:20:13] END [delft3d-manuals]
[12:20:13] BEGIN [efdc-manuals] /mnt/e/models/efdc/manuals → /home/firesinger/coastal-wiki/models/EFDC/raw/manuals
[12:20:41]   files: src=9316 dst=9316
[12:20:41] END [efdc-manuals]
[12:20:41] BEGIN [roms-manuals] /mnt/e/models/roms/manuals → /home/firesinger/coastal-wiki/models/ROMS/raw/manuals
[12:20:45]   files: src=2659 dst=2659
[12:20:45] END [roms-manuals]
[12:20:45] BEGIN [swan-manuals] /mnt/e/models/swan/manuals → /home/firesinger/coastal-wiki/models/SWAN/raw/manuals
[12:20:46]   files: src=440 dst=440
[12:20:46] END [swan-manuals]
[12:20:46] BEGIN [xbeach-manuals] /mnt/e/models/xbeach/manuals → /home/firesinger/coastal-wiki/models/XBeach/raw/manuals
[12:20:46]   files: src=87 dst=87
[12:20:46] END [xbeach-manuals]
[12:20:46] COPY [adcirc-meta] /mnt/e/models/adcirc/manifest.md → /home/firesinger/coastal-wiki/models/ADCIRC/manifest.md
[12:20:46] COPY [delft3d-meta] /mnt/e/models/delft3d/manifest.md → /home/firesinger/coastal-wiki/models/Delft3D/manifest.md
[12:20:46] COPY [efdc-meta] /mnt/e/models/efdc/manifest.md → /home/firesinger/coastal-wiki/models/EFDC/manifest.md
[12:20:46] COPY [roms-meta] /mnt/e/models/roms/manifest.md → /home/firesinger/coastal-wiki/models/ROMS/manifest.md
[12:20:46] COPY [swan-meta] /mnt/e/models/swan/manifest.md → /home/firesinger/coastal-wiki/models/SWAN/manifest.md
[12:20:46] COPY [xbeach-meta] /mnt/e/models/xbeach/manifest.md → /home/firesinger/coastal-wiki/models/XBeach/manifest.md
[12:20:46] BEGIN [knowledge] /mnt/e/modeling-wiki/knowledge → /home/firesinger/coastal-wiki/_staging/from-modeling-wiki/knowledge
[12:20:47]   files: src=164 dst=164
[12:20:47] END [knowledge]
[12:20:47] BEGIN [mw-protocols] /mnt/e/modeling-wiki/protocols → /home/firesinger/coastal-wiki/_archive/modeling-wiki/protocols
[12:20:47]   files: src=5 dst=5
[12:20:47] END [mw-protocols]
[12:20:47] BEGIN [mw-templates] /mnt/e/modeling-wiki/templates → /home/firesinger/coastal-wiki/_archive/modeling-wiki/templates
[12:20:47]   files: src=8 dst=8
[12:20:47] END [mw-templates]
[12:20:47] BEGIN [mw-context] /mnt/e/modeling-wiki/context → /home/firesinger/coastal-wiki/_archive/modeling-wiki/context
[12:20:47]   files: src=4 dst=4
[12:20:47] END [mw-context]
[12:20:47] BEGIN [mw-experiments] /mnt/e/modeling-wiki/experiments → /home/firesinger/coastal-wiki/_archive/modeling-wiki/experiments
[12:20:47]   files: src=6 dst=6
[12:20:47] END [mw-experiments]
[12:20:47] BEGIN [mw-indexes] /mnt/e/modeling-wiki/indexes → /home/firesinger/coastal-wiki/_archive/modeling-wiki/indexes
[12:20:47]   files: src=6 dst=6
[12:20:47] END [mw-indexes]
[12:20:47] BEGIN [mw-graphify-out] /mnt/e/modeling-wiki/graphify-out → /home/firesinger/coastal-wiki/_archive/modeling-wiki/graphify-out
[12:20:47]   files: src=0 dst=0
[12:20:47] END [mw-graphify-out]
[12:20:47] BEGIN [mw-specs] /mnt/e/modeling-wiki/specs → /home/firesinger/coastal-wiki/_archive/modeling-wiki/specs
[12:20:47]   files: src=6 dst=6
[12:20:47] END [mw-specs]
[12:20:47] COPY [mw-README] /mnt/e/modeling-wiki/README.md → _archive/modeling-wiki/README.md
[12:20:47] === Phase 2 완료 ===
