[12:21:17] === Phase 3 시작 ===
[12:21:17] BEGIN [adcirc-testsuite] target root=/home/firesinger/coastal-wiki/models/ADCIRC/raw/source_code/adcirc-testsuite
[12:21:27]   files: src=1373 tgt=1373
[12:21:27]   PASS [adcirc-testsuite] (1373 files, sha256 일치)
[12:21:27] BEGIN [adcirc-source] target root=/home/firesinger/coastal-wiki/models/ADCIRC/raw/source_code
[12:21:27]   files: src=6741 tgt=6741
[12:21:27]   PASS [adcirc-source] (6741 files, sha256 일치)
[12:21:27] BEGIN [delft3d-source] target root=/home/firesinger/coastal-wiki/models/Delft3D/raw/source_code
[12:21:29]   files: src=31205 tgt=31205
[12:21:29]   PASS [delft3d-source] (31205 files, sha256 일치)
[12:21:29] BEGIN [efdc-source] target root=/home/firesinger/coastal-wiki/models/EFDC/raw/source_code
[12:21:29]   files: src=752 tgt=752
[12:21:29]   PASS [efdc-source] (752 files, sha256 일치)
[12:21:29] BEGIN [roms-source] target root=/home/firesinger/coastal-wiki/models/ROMS/raw/source_code
[12:21:29]   files: src=9152 tgt=9152
[12:21:29]   PASS [roms-source] (9152 files, sha256 일치)
[12:21:29] BEGIN [swan-source] target root=/home/firesinger/coastal-wiki/models/SWAN/raw/source_code
[12:21:29]   files: src=130 tgt=130
[12:21:29]   PASS [swan-source] (130 files, sha256 일치)
[12:21:29] BEGIN [xbeach-source] target root=/home/firesinger/coastal-wiki/models/XBeach/raw/source_code
[12:21:29]   files: src=456 tgt=456
[12:21:29]   PASS [xbeach-source] (456 files, sha256 일치)
[12:21:29] BEGIN [adcirc-manuals] target root=/home/firesinger/coastal-wiki/models/ADCIRC/raw/manuals
[12:21:29]   files: src=3236 tgt=3236
[12:21:29]   PASS [adcirc-manuals] (3236 files, sha256 일치)
[12:21:29] BEGIN [delft3d-manuals] target root=/home/firesinger/coastal-wiki/models/Delft3D/raw/manuals
[12:21:29]   files: src=38 tgt=38
[12:21:29]   PASS [delft3d-manuals] (38 files, sha256 일치)
[12:21:29] BEGIN [efdc-manuals] target root=/home/firesinger/coastal-wiki/models/EFDC/raw/manuals
[12:21:30]   files: src=9316 tgt=9316
[12:21:30]   PASS [efdc-manuals] (9316 files, sha256 일치)
[12:21:30] BEGIN [roms-manuals] target root=/home/firesinger/coastal-wiki/models/ROMS/raw/manuals
[12:21:30]   files: src=2659 tgt=2659
[12:21:30]   PASS [roms-manuals] (2659 files, sha256 일치)
[12:21:30] BEGIN [swan-manuals] target root=/home/firesinger/coastal-wiki/models/SWAN/raw/manuals
[12:21:30]   files: src=440 tgt=440
[12:21:30]   PASS [swan-manuals] (440 files, sha256 일치)
[12:21:30] BEGIN [xbeach-manuals] target root=/home/firesinger/coastal-wiki/models/XBeach/raw/manuals
[12:21:30]   files: src=87 tgt=87
[12:21:30]   PASS [xbeach-manuals] (87 files, sha256 일치)
[12:21:30]   PASS [adcirc-meta] (/home/firesinger/coastal-wiki/models/ADCIRC/manifest.md)
[12:21:30]   PASS [delft3d-meta] (/home/firesinger/coastal-wiki/models/Delft3D/manifest.md)
[12:21:30]   PASS [efdc-meta] (/home/firesinger/coastal-wiki/models/EFDC/manifest.md)
[12:21:30]   PASS [roms-meta] (/home/firesinger/coastal-wiki/models/ROMS/manifest.md)
[12:21:30]   PASS [swan-meta] (/home/firesinger/coastal-wiki/models/SWAN/manifest.md)
[12:21:30]   PASS [xbeach-meta] (/home/firesinger/coastal-wiki/models/XBeach/manifest.md)
[12:21:30] BEGIN [knowledge] target root=/home/firesinger/coastal-wiki/_staging/from-modeling-wiki/knowledge
[12:21:30]   files: src=164 tgt=164
[12:21:30]   PASS [knowledge] (164 files, sha256 일치)
[12:21:30] BEGIN [mw-protocols] target root=/home/firesinger/coastal-wiki/_archive/modeling-wiki/protocols
[12:21:30]   files: src=5 tgt=5
[12:21:30]   PASS [mw-protocols] (5 files, sha256 일치)
[12:21:30] BEGIN [mw-templates] target root=/home/firesinger/coastal-wiki/_archive/modeling-wiki/templates
[12:21:30]   files: src=8 tgt=8
[12:21:30]   PASS [mw-templates] (8 files, sha256 일치)
[12:21:30] BEGIN [mw-context] target root=/home/firesinger/coastal-wiki/_archive/modeling-wiki/context
[12:21:30]   files: src=4 tgt=4
[12:21:30]   PASS [mw-context] (4 files, sha256 일치)
[12:21:30] BEGIN [mw-experiments] target root=/home/firesinger/coastal-wiki/_archive/modeling-wiki/experiments
[12:21:30]   files: src=6 tgt=6
[12:21:30]   PASS [mw-experiments] (6 files, sha256 일치)
[12:21:30] BEGIN [mw-indexes] target root=/home/firesinger/coastal-wiki/_archive/modeling-wiki/indexes
[12:21:30]   files: src=6 tgt=6
[12:21:30]   PASS [mw-indexes] (6 files, sha256 일치)
[12:21:30] BEGIN [mw-graphify-out] target root=/home/firesinger/coastal-wiki/_archive/modeling-wiki/graphify-out
[12:21:30]   files: src=0 tgt=0
[12:21:30]   PASS [mw-graphify-out] (0 files, sha256 일치)
[12:21:30] BEGIN [mw-specs] target root=/home/firesinger/coastal-wiki/_archive/modeling-wiki/specs
[12:21:30]   files: src=6 tgt=6
[12:21:30]   PASS [mw-specs] (6 files, sha256 일치)
[12:21:30]   PASS [mw-README] (/home/firesinger/coastal-wiki/_archive/modeling-wiki/README.md)
[12:21:30] [추가] research isolation validator (working tree)
[1/2] 본문 → research/ 참조 검사 (mode: working-tree)…
  OK: 본문에서 research/ 직접 참조 없음.
[2/2] research/ 내부 .md frontmatter 검사…
  OK: research/ 내 모든 .md 가 draft-unsourced 또는 governance 면제.

RESULT: OK
[12:21:32]   PASS
[12:21:32] [추가] models/*/raw/ git-ignored 확인
[12:21:32]   PASS
[12:21:32] === Phase 3 완료 ===
[12:21:32] 총 검증 영역: 28
[12:21:32] FAILED: 0
