[12:01:25] === Phase 1 시작 ===
[12:01:25] BEGIN [adcirc-testsuite] root=/mnt/e/modeling-wiki/raw/code/adcirc/adcirc-testsuite
[12:01:27]   files: 1373
[12:03:46] END [adcirc-testsuite]
[12:03:46] BEGIN [adcirc-source] root=/mnt/e/models/adcirc/source_code
[12:03:51]   files: 6741
[12:04:53] END [adcirc-source]
[12:04:53] BEGIN [delft3d-source] root=/mnt/e/models/delft3d/source_code
[12:05:16]   files: 31205
[12:10:26] END [delft3d-source]
[12:10:26] BEGIN [efdc-source] root=/mnt/e/models/efdc/source_code
[12:10:26]   files: 752
[12:10:33] END [efdc-source]
[12:10:33] BEGIN [roms-source] root=/mnt/e/models/roms/source_code
[12:10:40]   files: 9152
[12:11:52] END [roms-source]
[12:11:52] BEGIN [swan-source] root=/mnt/e/models/swan/source_code
[12:11:52]   files: 130
[12:11:53] END [swan-source]
[12:11:53] BEGIN [xbeach-source] root=/mnt/e/models/xbeach/source_code
[12:11:54]   files: 456
[12:12:08] END [xbeach-source]
[12:12:08] BEGIN [adcirc-manuals] root=/mnt/e/models/adcirc/manuals
[12:12:11]   files: 3236
[12:13:45] END [adcirc-manuals]
[12:13:45] BEGIN [delft3d-manuals] root=/mnt/e/models/delft3d/manuals
[12:13:45]   files: 38
[12:13:46] END [delft3d-manuals]
[12:13:46] BEGIN [efdc-manuals] root=/mnt/e/models/efdc/manuals
[12:13:53]   files: 9316
[12:15:22] END [efdc-manuals]
[12:15:22] BEGIN [roms-manuals] root=/mnt/e/models/roms/manuals
[12:15:24]   files: 2659
[12:16:03] END [roms-manuals]
[12:16:03] BEGIN [swan-manuals] root=/mnt/e/models/swan/manuals
[12:16:04]   files: 440
[12:16:08] END [swan-manuals]
[12:16:08] BEGIN [xbeach-manuals] root=/mnt/e/models/xbeach/manuals
[12:16:08]   files: 87
[12:16:10] END [xbeach-manuals]
[12:16:10] BEGIN [knowledge] root=/mnt/e/modeling-wiki/knowledge
[12:16:10]   files: 164
[12:16:11] END [knowledge]
[12:16:11] BEGIN [mw-protocols] root=/mnt/e/modeling-wiki/protocols
[12:16:11]   files: 5
[12:16:11] END [mw-protocols]
[12:16:11] BEGIN [mw-templates] root=/mnt/e/modeling-wiki/templates
[12:16:11]   files: 8
[12:16:11] END [mw-templates]
[12:16:11] BEGIN [mw-context] root=/mnt/e/modeling-wiki/context
[12:16:11]   files: 4
[12:16:11] END [mw-context]
[12:16:11] BEGIN [mw-experiments] root=/mnt/e/modeling-wiki/experiments
[12:16:11]   files: 6
[12:16:11] END [mw-experiments]
[12:16:11] BEGIN [mw-indexes] root=/mnt/e/modeling-wiki/indexes
[12:16:11]   files: 6
[12:16:11] END [mw-indexes]
[12:16:11] BEGIN [mw-graphify-out] root=/mnt/e/modeling-wiki/graphify-out
[12:16:11]   files: 0
[12:16:11] END [mw-graphify-out]
[12:16:11] BEGIN [mw-specs] root=/mnt/e/modeling-wiki/specs
[12:16:11]   files: 6
[12:16:12] END [mw-specs]
[12:16:12] BEGIN+END [mw-README]: single file
[12:16:12] BEGIN+END [adcirc-meta]: /mnt/e/models/adcirc/manifest.md
[12:16:12] BEGIN+END [delft3d-meta]: /mnt/e/models/delft3d/manifest.md
[12:16:12] BEGIN+END [efdc-meta]: /mnt/e/models/efdc/manifest.md
[12:16:12] BEGIN+END [roms-meta]: /mnt/e/models/roms/manifest.md
[12:16:12] BEGIN+END [swan-meta]: /mnt/e/models/swan/manifest.md
[12:16:12] BEGIN+END [xbeach-meta]: /mnt/e/models/xbeach/manifest.md
[12:16:12] === Phase 1 완료 ===
[12:16:12] 총 manifest: 28
[12:16:12] 총 size files: 21
